// Jest Snapshot v1, https://goo.gl/fbAQLP

exports[` 1`] = `
"// This file was generated and should not be edited.
/* tslint:disable */

import {DocumentNode} from 'graphql';

export namespace Schema {
  export type Kind = 'CAT' | 'DOG';
}

export interface PersonQueryData {
  person: PersonQueryData.Person,
}

export namespace PersonQueryData {
  export interface Pet extends PetDetailsFragmentData {
    __typename: 'Pet',
    kind: Schema.Kind,
  }

  export interface Person extends FavoritePetFragmentData {
    __typename: 'Person',
    name: string,
    favoritePet?: PersonQueryData.Pet | null,
  }
}

export interface PetQueryData {
  person: PetQueryData.Person,
}

export namespace PetQueryData {
  export interface Pet extends PetDetailsFragmentData {
    __typename: 'Pet',
    kind: Schema.Kind,
  }

  export interface Person {
    __typename: 'Person',
    pets: PetQueryData.Pet[],
  }
}

export interface PetDetailsFragmentData {
  __typename: 'Pet',
  kind: Schema.Kind,
}

export interface FavoritePetFragmentData {
  __typename: 'Person',
  name: string,
  favoritePet?: FavoritePetFragmentData.Pet | null,
}

export namespace FavoritePetFragmentData {
  export interface Pet extends PetDetailsFragmentData {
    __typename: 'Pet',
    kind: Schema.Kind,
  }
}

declare const document: DocumentNode;
export default document;

/* tslint:enable */
"
`;

exports[`printFile() __typename adds a __typename field when the responseName is unique 1`] = `
"// This file was generated and should not be edited.
/* tslint:disable */

import {DocumentNode} from 'graphql';

export interface ProfileQueryData {
  person?: ProfileQueryData.Person | null,
}

export namespace ProfileQueryData {
  export interface Person {
    __typename: 'Person',
    type: 'Person',
  }
}

declare const document: DocumentNode;
export default document;

/* tslint:enable */
"
`;

exports[`printFile() __typename adds an explicit typename when the option is set to false 1`] = `
"// This file was generated and should not be edited.
/* tslint:disable */

import {DocumentNode} from 'graphql';

export interface ProfileQueryData {
  person?: ProfileQueryData.Person | null,
}

export namespace ProfileQueryData {
  export interface Person {
    __typename: 'Person',
  }
}

declare const document: DocumentNode;
export default document;

/* tslint:enable */
"
`;

exports[`printFile() __typename does not add a typename when the option is set to false 1`] = `
"// This file was generated and should not be edited.
/* tslint:disable */

import {DocumentNode} from 'graphql';

export interface ProfileQueryData {
  person?: ProfileQueryData.Person | null,
}

export namespace ProfileQueryData {
  export interface Person {
    name: string,
  }
}

declare const document: DocumentNode;
export default document;

/* tslint:enable */
"
`;

exports[`printFile() __typename does not duplicate an explicit __typename field 1`] = `
"// This file was generated and should not be edited.
/* tslint:disable */

import {DocumentNode} from 'graphql';

export interface ProfileQueryData {
  person?: ProfileQueryData.Person | null,
}

export namespace ProfileQueryData {
  export interface Person {
    __typename: 'Person',
  }
}

declare const document: DocumentNode;
export default document;

/* tslint:enable */
"
`;

exports[`printFile() __typename prints a correct typename for interfaces 1`] = `
"// This file was generated and should not be edited.
/* tslint:disable */

import {DocumentNode} from 'graphql';

export interface MyEntityFragmentData {
  __typename: 'Person' | 'Pet',
  name: string,
}

declare const document: DocumentNode;
export default document;

/* tslint:enable */
"
`;

exports[`printFile() __typename prints a correct typename for interfaces 2`] = `
"// This file was generated and should not be edited.
/* tslint:disable */

import {DocumentNode} from 'graphql';

export interface ProfileQueryData {
  person?: ProfileQueryData.Person | null,
}

export namespace ProfileQueryData {
  export interface Entity {
    __typename: 'Person' | 'Pet',
  }

  export interface Person {
    __typename: 'Person',
    self: ProfileQueryData.Entity,
  }
}

declare const document: DocumentNode;
export default document;

/* tslint:enable */
"
`;

exports[`printFile() __typename prints a correct typename for interfaces 3`] = `
"// This file was generated and should not be edited.
/* tslint:disable */

import {DocumentNode} from 'graphql';

export interface PetProfileQueryData {
  entities: PetProfileQueryData.Entity[],
}

export namespace PetProfileQueryData {
  export interface Pet {
    __typename: 'Pet',
  }

  export interface Entity {
    __typename: 'Person' | 'Pet',
    self?: PetProfileQueryData.Pet | null,
  }
}

declare const document: DocumentNode;
export default document;

/* tslint:enable */
"
`;

exports[`printFile() __typename prints a correct typename for interfaces 4`] = `
"// This file was generated and should not be edited.
/* tslint:disable */

import {DocumentNode} from 'graphql';

export interface RandomProfileQueryData {
  random?: RandomProfileQueryData.PetOrPerson | null,
}

export namespace RandomProfileQueryData {
  export interface PetOrPerson {
    __typename: 'Pet' | 'Person',
    name?: string | null,
  }
}

declare const document: DocumentNode;
export default document;

/* tslint:enable */
"
`;

exports[`printFile() custom scalars declares them as strings 1`] = `
"// This file was generated and should not be edited.
/* tslint:disable */

import {DocumentNode} from 'graphql';

export namespace Schema {
  export type DateTime = string;
}

export interface DateQueryData {
  date: Schema.DateTime,
}

declare const document: DocumentNode;
export default document;

/* tslint:enable */
"
`;

exports[`printFile() custom scalars declares them as strings 2`] = `
"// This file was generated and should not be edited.
/* tslint:disable */

import {DocumentNode} from 'graphql';

export namespace Schema {
  export type DateTime = string;
}

export interface DateQueryData {
  date?: Schema.DateTime | null,
}

declare const document: DocumentNode;
export default document;

/* tslint:enable */
"
`;

exports[`printFile() enum types prints the enum type and its type declaration 1`] = `
"// This file was generated and should not be edited.
/* tslint:disable */

import {DocumentNode} from 'graphql';

export namespace Schema {
  export type Episode = 'ONE' | 'TWO' | 'THREE';
}

export interface WhichEpisodeQueryData {
  episode: Schema.Episode,
}

declare const document: DocumentNode;
export default document;

/* tslint:enable */
"
`;

exports[`printFile() enum types prints the enum type and its type declaration 2`] = `
"// This file was generated and should not be edited.
/* tslint:disable */

import {DocumentNode} from 'graphql';

export namespace Schema {
  export type Episode = 'ONE' | 'TWO' | 'THREE';
}

export interface WhichEpisodeQueryData {
  episode?: Schema.Episode | null,
}

declare const document: DocumentNode;
export default document;

/* tslint:enable */
"
`;

exports[`printFile() errors throws an error when referencing a missing type 1`] = `"An invalid type was provided for key 'kind'. This probably means there is a typo in your document or that one of your input types has been renamed."`;

exports[`printFile() fragments prints fragment definitions 1`] = `
"// This file was generated and should not be edited.
/* tslint:disable */

import {DocumentNode} from 'graphql';

export interface PetsFragmentData {
  __typename: 'Person' | 'Pet',
  name: string,
  nickname?: string | null,
}

declare const document: DocumentNode;
export default document;

/* tslint:enable */
"
`;

exports[`printFile() fragments prints fragment spreads 1`] = `
"// This file was generated and should not be edited.
/* tslint:disable */

import {DocumentNode} from 'graphql';

import {PetKindFragmentData} from './subfolder/PetKind.graphql';
import {PersonDetailsFragmentData, EntityNameFragmentData} from './subfolder/another/PersonDetails.graphql';

type NullableFragment<T> = {
  [P in keyof T]?: T[P] | null
}
export namespace Schema {
  export type Kind = 'DOG' | 'CAT';
}

export interface PetsFragmentData extends NullableFragment<PetKindFragmentData>, NullableFragment<PersonDetailsFragmentData>, EntityNameFragmentData {
  __typename: 'Person' | 'Pet',
  name: string,
  id: string,
  kind?: Schema.Kind | null,
  nickname?: string | null,
  favoritePet?: PetsFragmentData.Pet | null,
}

export namespace PetsFragmentData {
  export interface Pet {
    __typename: 'Pet',
    name: string,
  }
}

declare const document: DocumentNode;
export default document;

/* tslint:enable */
"
`;

exports[`printFile() fragments prints inline fragments 1`] = `
"// This file was generated and should not be edited.
/* tslint:disable */

import {DocumentNode} from 'graphql';

export namespace Schema {
  export type Kind = 'DOG' | 'CAT';
}

export interface PetsFragmentData {
  __typename: 'Person' | 'Pet',
  id: string,
  kind?: Schema.Kind | null,
  name: string,
  nickname?: string | null,
  favoritePet?: PetsFragmentData.Pet | null,
}

export namespace PetsFragmentData {
  export interface Pet {
    __typename: 'Pet',
    name: string,
  }
}

declare const document: DocumentNode;
export default document;

/* tslint:enable */
"
`;

exports[`printFile() list types correctly wraps types that are potentially null 1`] = `
"// This file was generated and should not be edited.
/* tslint:disable */

import {DocumentNode} from 'graphql';

export interface NicknamesQueryData {
  nicknames: string[],
}

declare const document: DocumentNode;
export default document;

/* tslint:enable */
"
`;

exports[`printFile() list types correctly wraps types that are potentially null 2`] = `
"// This file was generated and should not be edited.
/* tslint:disable */

import {DocumentNode} from 'graphql';

export interface NicknamesQueryData {
  nicknames: (string | null)[],
}

declare const document: DocumentNode;
export default document;

/* tslint:enable */
"
`;

exports[`printFile() list types correctly wraps types that are potentially null 3`] = `
"// This file was generated and should not be edited.
/* tslint:disable */

import {DocumentNode} from 'graphql';

export interface NicknamesQueryData {
  nicknames?: string[] | null,
}

declare const document: DocumentNode;
export default document;

/* tslint:enable */
"
`;

exports[`printFile() list types correctly wraps types that are potentially null 4`] = `
"// This file was generated and should not be edited.
/* tslint:disable */

import {DocumentNode} from 'graphql';

export interface NicknamesQueryData {
  nicknames?: (string | null)[] | null,
}

declare const document: DocumentNode;
export default document;

/* tslint:enable */
"
`;

exports[`printFile() list types wraps nested lists 1`] = `
"// This file was generated and should not be edited.
/* tslint:disable */

import {DocumentNode} from 'graphql';

export interface NicknamesQueryData {
  nicknames: (string[] | null)[],
}

declare const document: DocumentNode;
export default document;

/* tslint:enable */
"
`;

exports[`printFile() list types wraps nested lists 2`] = `
"// This file was generated and should not be edited.
/* tslint:disable */

import {DocumentNode} from 'graphql';

export interface NicknamesQueryData {
  nicknames?: ((string | null)[] | null)[] | null,
}

declare const document: DocumentNode;
export default document;

/* tslint:enable */
"
`;

exports[`printFile() mutations prints mutations 1`] = `
"// This file was generated and should not be edited.
/* tslint:disable */

import {DocumentNode} from 'graphql';

export interface RenameMutationData {
  rename: RenameMutationData.Person,
}

export namespace RenameMutationData {
  export interface Variables {
    name: string,
  }

  export interface Person {
    __typename: 'Person',
    name: string,
  }
}

declare const document: DocumentNode;
export default document;

/* tslint:enable */
"
`;

exports[`printFile() object types fragment spreads prints a partial fragment type when the type restriction is not guaranteed 1`] = `
"// This file was generated and should not be edited.
/* tslint:disable */

import {DocumentNode} from 'graphql';

import {EntityNameFragmentData} from './subfolder/MyFragment.graphql';

type NullableFragment<T> = {
  [P in keyof T]?: T[P] | null
}
export interface EntitiesQueryData {
  entities: EntitiesQueryData.Entity[],
}

export namespace EntitiesQueryData {
  export interface Entity extends NullableFragment<EntityNameFragmentData> {
    __typename: 'Person' | 'Pet',
    name?: string | null,
  }
}

declare const document: DocumentNode;
export default document;

/* tslint:enable */
"
`;

exports[`printFile() object types fragment spreads prints them as union types when the type restriction is guaranteed 1`] = `
"// This file was generated and should not be edited.
/* tslint:disable */

import {DocumentNode} from 'graphql';

import {EntityNameFragmentData} from './subfolder/MyFragment.graphql';

export interface EntitiesQueryData {
  entities: EntitiesQueryData.Entity[],
}

export namespace EntitiesQueryData {
  export interface Entity extends EntityNameFragmentData {
    __typename: 'Person' | 'Pet',
    name: string,
  }
}

declare const document: DocumentNode;
export default document;

/* tslint:enable */
"
`;

exports[`printFile() object types inline fragments forces fields to be nullable when the type restriction is not guaranteed 1`] = `
"// This file was generated and should not be edited.
/* tslint:disable */

import {DocumentNode} from 'graphql';

export interface EntitiesQueryData {
  entities: EntitiesQueryData.Entity[],
}

export namespace EntitiesQueryData {
  export interface Entity {
    __typename: 'Person' | 'Pet',
    name?: string | null,
    nickname?: string | null,
  }
}

declare const document: DocumentNode;
export default document;

/* tslint:enable */
"
`;

exports[`printFile() object types inline fragments treats them as their original nullability when they are guaranteed 1`] = `
"// This file was generated and should not be edited.
/* tslint:disable */

import {DocumentNode} from 'graphql';

export interface EntitiesQueryData {
  entities: EntitiesQueryData.Entity[],
}

export namespace EntitiesQueryData {
  export interface Entity {
    __typename: 'Person' | 'Pet',
    name: string,
    nickname?: string | null,
  }
}

declare const document: DocumentNode;
export default document;

/* tslint:enable */
"
`;

exports[`printFile() object types objects fields nests them inline in the original object 1`] = `
"// This file was generated and should not be edited.
/* tslint:disable */

import {DocumentNode} from 'graphql';

export interface ProfileQueryData {
  person?: ProfileQueryData.PersonPerson | null,
}

export namespace ProfileQueryData {
  export interface Pet {
    __typename: 'Pet',
    name: string,
  }

  export interface PersonRelativesPerson {
    __typename: 'Person',
    name: string,
    favoritePet?: ProfileQueryData.Pet | null,
  }

  export interface PersonPerson {
    __typename: 'Person',
    name: string,
    age: number,
    relatives: ProfileQueryData.PersonRelativesPerson[],
  }
}

declare const document: DocumentNode;
export default document;

/* tslint:enable */
"
`;

exports[`printFile() primitive types prints a boolean type 1`] = `
"// This file was generated and should not be edited.
/* tslint:disable */

import {DocumentNode} from 'graphql';

export interface MarriedQueryData {
  married: boolean,
}

declare const document: DocumentNode;
export default document;

/* tslint:enable */
"
`;

exports[`printFile() primitive types prints a boolean type 2`] = `
"// This file was generated and should not be edited.
/* tslint:disable */

import {DocumentNode} from 'graphql';

export interface MarriedQueryData {
  married?: boolean | null,
}

declare const document: DocumentNode;
export default document;

/* tslint:enable */
"
`;

exports[`printFile() primitive types prints a float type 1`] = `
"// This file was generated and should not be edited.
/* tslint:disable */

import {DocumentNode} from 'graphql';

export interface AgeQueryData {
  age: number,
}

declare const document: DocumentNode;
export default document;

/* tslint:enable */
"
`;

exports[`printFile() primitive types prints a float type 2`] = `
"// This file was generated and should not be edited.
/* tslint:disable */

import {DocumentNode} from 'graphql';

export interface AgeQueryData {
  age?: number | null,
}

declare const document: DocumentNode;
export default document;

/* tslint:enable */
"
`;

exports[`printFile() primitive types prints a string type 1`] = `
"// This file was generated and should not be edited.
/* tslint:disable */

import {DocumentNode} from 'graphql';

export interface NameQueryData {
  name: string,
}

declare const document: DocumentNode;
export default document;

/* tslint:enable */
"
`;

exports[`printFile() primitive types prints a string type 2`] = `
"// This file was generated and should not be edited.
/* tslint:disable */

import {DocumentNode} from 'graphql';

export interface NameQueryData {
  name?: string | null,
}

declare const document: DocumentNode;
export default document;

/* tslint:enable */
"
`;

exports[`printFile() primitive types prints an ID type 1`] = `
"// This file was generated and should not be edited.
/* tslint:disable */

import {DocumentNode} from 'graphql';

export interface ProductIDQueryData {
  id: string,
}

declare const document: DocumentNode;
export default document;

/* tslint:enable */
"
`;

exports[`printFile() primitive types prints an ID type 2`] = `
"// This file was generated and should not be edited.
/* tslint:disable */

import {DocumentNode} from 'graphql';

export interface ProductIDQueryData {
  id?: string | null,
}

declare const document: DocumentNode;
export default document;

/* tslint:enable */
"
`;

exports[`printFile() primitive types prints an integer type 1`] = `
"// This file was generated and should not be edited.
/* tslint:disable */

import {DocumentNode} from 'graphql';

export interface AgeQueryData {
  age: number,
}

declare const document: DocumentNode;
export default document;

/* tslint:enable */
"
`;

exports[`printFile() primitive types prints an integer type 2`] = `
"// This file was generated and should not be edited.
/* tslint:disable */

import {DocumentNode} from 'graphql';

export interface AgeQueryData {
  age?: number | null,
}

declare const document: DocumentNode;
export default document;

/* tslint:enable */
"
`;

exports[`printFile() variables prints out a variable interface and all associated types 1`] = `
"// This file was generated and should not be edited.
/* tslint:disable */

import {DocumentNode} from 'graphql';

export namespace Schema {
  export interface Language {
    code?: string | null,
  }

  export type DateTime = string;

  export type Style = 'FULL' | 'NICK';

  export interface NameInput {
    style: Schema.Style,
    date?: Schema.DateTime | null,
    excited: boolean,
    language?: Schema.Language | null,
  }
}

export interface NameQueryData {
  name: string,
}

export namespace NameQueryData {
  export interface Variables {
    myInput?: Schema.NameInput | null,
  }
}

declare const document: DocumentNode;
export default document;

/* tslint:enable */
"
`;
